// Jest Snapshot v1, https://goo.gl/fbAQLP

exports[`AddItem component should match snapshot 1`] = `
ShallowWrapper {
  "length": 1,
  Symbol(enzyme.__root__): [Circular],
  Symbol(enzyme.__unrendered__): <AddItem
    addBill={[Function]}
    addBulletin={[Function]}
    addChore={[Function]}
    currentUser={
      Object {
        "house": "Dog9",
        "id": "RVde1m9BhkQBLZlTJNsFlQZXqP43",
        "name": "Amanda Brenner",
      }
    }
    usersHouse={
      Object {
        "bills": Array [
          Object {
            "allUsersTotals": Array [
              Object {
                "id": "RVde1m9BhkQBLZlTJNsFlQZXqP43",
                "paid": false,
                "total": 50,
              },
              Object {
                "id": "cFNdorl5ceRyMr9XGvPFRVEcw7I3",
                "paid": false,
                "total": 50,
              },
            ],
            "datePosted": "11/01/2017",
            "details": "We used a lot of water.",
            "duedate": "11/9/17",
            "id": "b3019762705779",
            "parsedDuedate": 1510210800000,
            "postedBy": Object {
              "house": "Dog9",
              "id": "RVde1m9BhkQBLZlTJNsFlQZXqP43",
              "name": "Amanda Brenner",
            },
            "title": "Water Bill",
            "total": "100",
          },
        ],
        "bulletins": Array [
          Object {
            "datePosted": "11/01/2017",
            "details": "The dogs got out through a hole in the fence yesterday.",
            "hasRead": Array [
              "RVde1m9BhkQBLZlTJNsFlQZXqP43",
            ],
            "id": 1509567098747,
            "postedBy": Object {
              "house": "Dog9",
              "id": "RVde1m9BhkQBLZlTJNsFlQZXqP43",
              "name": "Amanda Brenner",
            },
            "title": "Don't leave dogs out unattended.",
          },
        ],
        "chores": Array [
          Object {
            "assignedTo": "RVde1m9BhkQBLZlTJNsFlQZXqP43",
            "datePosted": "10/31/2017",
            "details": "Empty the dishwasher.",
            "done": false,
            "id": "c1509485241076",
            "postedBy": Object {
              "house": "Dog9",
              "id": "RVde1m9BhkQBLZlTJNsFlQZXqP43",
              "name": "Amanda Brenner",
            },
            "title": "Dishes",
            "urgency": "low",
          },
        ],
        "houseCode": "woof9",
        "houseKey": "-KxoIBWy5UYRscFYdWty",
        "houseName": "Dog9",
        "users": Array [
          Object {
            "house": "Dog9",
            "id": "RVde1m9BhkQBLZlTJNsFlQZXqP43",
            "name": "Amanda Brenner",
          },
          Object {
            "house": "Dog9",
            "id": "cFNdorl5ceRyMr9XGvPFRVEcw7I3",
            "name": "Lola Koala",
          },
        ],
      }
    }
  />,
  Symbol(enzyme.__renderer__): Object {
    "batchedUpdates": [Function],
    "getNode": [Function],
    "render": [Function],
    "simulateEvent": [Function],
    "unmount": [Function],
  },
  Symbol(enzyme.__node__): Object {
    "instance": null,
    "key": null,
    "nodeType": "host",
    "props": Object {
      "children": Array [
        <div
          className="additem"
        >
          <button
            className="add-bill-button "
            onClick={[Function]}
          >
            Add Bill
          </button>
          <button
            className="add-chore-button "
            onClick={[Function]}
          >
            Add Chore
          </button>
          <button
            className="add-bulletin-button "
            onClick={[Function]}
          >
            Add Bulletin
          </button>
        </div>,
        null,
        null,
        null,
      ],
      "className": "additem-with-items",
    },
    "ref": null,
    "rendered": Array [
      Object {
        "instance": null,
        "key": null,
        "nodeType": "host",
        "props": Object {
          "children": Array [
            <button
              className="add-bill-button "
              onClick={[Function]}
            >
              Add Bill
            </button>,
            <button
              className="add-chore-button "
              onClick={[Function]}
            >
              Add Chore
            </button>,
            <button
              className="add-bulletin-button "
              onClick={[Function]}
            >
              Add Bulletin
            </button>,
          ],
          "className": "additem",
        },
        "ref": null,
        "rendered": Array [
          Object {
            "instance": null,
            "key": null,
            "nodeType": "host",
            "props": Object {
              "children": "Add Bill",
              "className": "add-bill-button ",
              "onClick": [Function],
            },
            "ref": null,
            "rendered": "Add Bill",
            "type": "button",
          },
          Object {
            "instance": null,
            "key": null,
            "nodeType": "host",
            "props": Object {
              "children": "Add Chore",
              "className": "add-chore-button ",
              "onClick": [Function],
            },
            "ref": null,
            "rendered": "Add Chore",
            "type": "button",
          },
          Object {
            "instance": null,
            "key": null,
            "nodeType": "host",
            "props": Object {
              "children": "Add Bulletin",
              "className": "add-bulletin-button ",
              "onClick": [Function],
            },
            "ref": null,
            "rendered": "Add Bulletin",
            "type": "button",
          },
        ],
        "type": "div",
      },
      null,
      null,
      null,
    ],
    "type": "div",
  },
  Symbol(enzyme.__nodes__): Array [
    Object {
      "instance": null,
      "key": null,
      "nodeType": "host",
      "props": Object {
        "children": Array [
          <div
            className="additem"
          >
            <button
              className="add-bill-button "
              onClick={[Function]}
            >
              Add Bill
            </button>
            <button
              className="add-chore-button "
              onClick={[Function]}
            >
              Add Chore
            </button>
            <button
              className="add-bulletin-button "
              onClick={[Function]}
            >
              Add Bulletin
            </button>
          </div>,
          null,
          null,
          null,
        ],
        "className": "additem-with-items",
      },
      "ref": null,
      "rendered": Array [
        Object {
          "instance": null,
          "key": null,
          "nodeType": "host",
          "props": Object {
            "children": Array [
              <button
                className="add-bill-button "
                onClick={[Function]}
              >
                Add Bill
              </button>,
              <button
                className="add-chore-button "
                onClick={[Function]}
              >
                Add Chore
              </button>,
              <button
                className="add-bulletin-button "
                onClick={[Function]}
              >
                Add Bulletin
              </button>,
            ],
            "className": "additem",
          },
          "ref": null,
          "rendered": Array [
            Object {
              "instance": null,
              "key": null,
              "nodeType": "host",
              "props": Object {
                "children": "Add Bill",
                "className": "add-bill-button ",
                "onClick": [Function],
              },
              "ref": null,
              "rendered": "Add Bill",
              "type": "button",
            },
            Object {
              "instance": null,
              "key": null,
              "nodeType": "host",
              "props": Object {
                "children": "Add Chore",
                "className": "add-chore-button ",
                "onClick": [Function],
              },
              "ref": null,
              "rendered": "Add Chore",
              "type": "button",
            },
            Object {
              "instance": null,
              "key": null,
              "nodeType": "host",
              "props": Object {
                "children": "Add Bulletin",
                "className": "add-bulletin-button ",
                "onClick": [Function],
              },
              "ref": null,
              "rendered": "Add Bulletin",
              "type": "button",
            },
          ],
          "type": "div",
        },
        null,
        null,
        null,
      ],
      "type": "div",
    },
  ],
  Symbol(enzyme.__options__): Object {
    "adapter": ReactSixteenAdapter {
      "options": Object {
        "enableComponentDidUpdateOnSetState": true,
      },
    },
  },
}
`;
